// Jest Snapshot v1, https://goo.gl/fbAQLP

exports[`FileInput should render correctly 1`] = `
<div
  className="Input FileInput sc-bxivhb jPHirh"
>
  <input
    accept="application/json"
    multiple={false}
    onChange={[Function]}
    type="file"
  />
  <button
    className="Button rectangle full sc-htpNat gpVMmM"
    disabled={false}
    id={null}
    onClick={[Function]}
    type="button"
  >
    <span>
      Button Text
    </span>
  </button>
</div>
`;
