// Jest Snapshot v1, https://goo.gl/fbAQLP

exports[`InputLabel should render correctly 1`] = `
<label
  className="InputLabel sc-bdVaJa iThGRf"
  htmlFor={null}
  id={null}
>
  A very random text
</label>
`;

exports[`InputLabel should render the InputLabel with a <span> tag 1`] = `
<span
  className="InputLabel sc-bdVaJa eCYGDq"
  id={null}
>
  A very random text
</span>
`;
