// Jest Snapshot v1, https://goo.gl/fbAQLP

exports[`Breadcrumbs should render breadcrumbs correctly 1`] = `
<ul
  className="Breadcrumbs sc-bwzfXH cwIifb"
>
  <li
    className="list-item sc-bdVaJa ebFJnS"
  >
    Item 1
  </li>
  <li
    className="list-item sc-bdVaJa ebFJnS"
  >
    &gt; Item 2
  </li>
</ul>
`;
