// Jest Snapshot v1, https://goo.gl/fbAQLP

exports[`Card should render a customized Card correctly 1`] = `
<div
  className="Card ACard sc-ifAKCX goZsUg"
  id="a-card"
>
  <div
    className="Header sc-bxivhb iczkCS"
  >
    <div
      className="Splash TitleAndSubtitle sc-gzVnrw bpmeZP"
    >
      <div
        className="Title sc-bZQynM bPbNzY"
      >
        Header
      </div>
      <div
        className="Subtitle sc-EHOje jUaBYT"
      >
        Header subtitle
      </div>
    </div>
    <div
      className="Controls sc-htpNat cPrsnq"
    >
      <button
        className="Button rectangle full only-icon sc-iwsKbI dlgvgE"
        disabled={false}
        id={null}
        onClick={[Function]}
        type="button"
      >
        <span>
          
        </span>
      </button>
    </div>
  </div>
  <div
    className="Body sc-bdVaJa jJZBvK"
  >
    <p>
      This is the Card's Body (Content)
    </p>
  </div>
  <div>
    some content...
  </div>
</div>
`;

exports[`Card should render the default Card correctly 1`] = `
<div
  className="Card sc-ifAKCX jzAoDZ"
>
  card
</div>
`;
